=== RUNNING TESTS ===

[TEXT SEARCH]
SUCCESS, len=5

[NEARBY SEARCH]
SUCCESS, len=5
